// Jest Snapshot v1, https://goo.gl/fbAQLP

exports[`Header component header renders properly 1`] = `
<DocumentFragment>
  <header>
    <h1>
      Pizza Party Plaza
    </h1>
    <button>
      Logout
    </button>
    <p
      data-testid="name"
    >
      welcome 
    </p>
  </header>
</DocumentFragment>
`;
